[srmdev@fedora DH]$ openssl genpkey -genparam -out param.pem -algorithm DH
................................+....................+........................................................................+.....................................................................................................+..+................................+.............................................................+...................................................................................................+..............+.........................................................................+........................................................................................+........................................................................................+..............................................................................................................................................+...................+.......................+.............................+.......................+.....................+........................................................................................................+........................................................................................................................................................................................................................................................................+........................................................................................................................+..........................................................................................+.....................................................................................................................................................................+...........................+............................................+........................................................................................................................................................................................................................................................................................+.........................................................................................................................................................................................................................................................................................................+............................................................................+.....................................................+...........+..............................................................................+...............................................................................................................................................................................................+.............................................................+............................................................................+...................................................................................................................................................+.......................................................................................................................................................................................................................................................................................................................................................................................................................................................................................................................................................................+........................+...+..+....................................+.......................................................................+.............................................................................................................................................................................................................................................................+....................+...................................................................+...+........................................................+.......................................................................................................................................................................................................................................................................................................................................+.........................+............................................................................................................................+....................+...................+............................................................................................+..........................+.....................................................................................................................................................................................................................................................................................+................................................................................................................................+.......................................................................................................................................................................................................................................................................................................................................................................+...........................................................................................................................................................................................................................................................+...............+....................................................................................................................................................................................+........................................................................................+..........................................................................................................................................................................................+...........................................................................................................+........................................................................+.......................................................................................++*++*++*++*++*++*++*++*++*++*++*++*++*++*++*++*++*++*++*++*++*++*++*++*++*++*++*++*++*++*++*++*++*++*++*++*++*++*++*++*++*++*++*++*++*++*++*++*++*++*++*++*++*++*++*++*++*++*++*++*++*++*++*++*
[srmdev@fedora DH]$ ls
param.pem
[srmdev@fedora DH]$ cat param.pem 
-----BEGIN DH PARAMETERS-----
MIIBCAKCAQEA1o2akpm+vShByW+V6aUfnqfAjxJKKgiBLktNEp2HD/kY3r5heVfM
XtjkggfcS80X2l2UduBXflJXNChP/s/iVfTuCbRKR96Hb64zXQBFaCd/OtCJAhJ0
auhGFaZJmwdP3UQGBWlSp2kHGT5+37fTheeoqu274WK4ahsydNWoFaQLZQkXhPFR
j80q5fQWyvUc6JJN0MHkbLVkmcL8Z99igG1NYdUuHgUGAM9sm0xCAvmyiSXTIqcv
gshaNQ2XiRxP/2qDZg2SQan12vAOYFsleGRBWDCWa3WaHLJ8PTg0fwgSVVKOUo1J
R6L/AtC9HcdF2rKEj7aSKmny9YK//naZhwIBAg==
-----END DH PARAMETERS-----
[srmdev@fedora DH]$ openssl x509 -text -noout -in param.pem 
Could not read certificate from param.pem
002E7F4D2B7F0000:error:1608010C:STORE routines:ossl_store_handle_load_result:unsupported:crypto/store/store_result.c:151:
Unable to load certificate
[srmdev@fedora DH]$ openssl genpkey -paramfile param.pem -out private.pem -algorithm DH
Algorithm already set!
[srmdev@fedora DH]$ openssl genpkey -paramfile param.pem -out private.pem 
[srmdev@fedora DH]$ ls
param.pem  private.pem
[srmdev@fedora DH]$ cat private.pem 
-----BEGIN PRIVATE KEY-----
MIICJgIBADCCARcGCSqGSIb3DQEDATCCAQgCggEBANaNmpKZvr0oQclvlemlH56n
wI8SSioIgS5LTRKdhw/5GN6+YXlXzF7Y5IIH3EvNF9pdlHbgV35SVzQoT/7P4lX0
7gm0Skfeh2+uM10ARWgnfzrQiQISdGroRhWmSZsHT91EBgVpUqdpBxk+ft+304Xn
qKrtu+FiuGobMnTVqBWkC2UJF4TxUY/NKuX0Fsr1HOiSTdDB5Gy1ZJnC/GffYoBt
TWHVLh4FBgDPbJtMQgL5sokl0yKnL4LIWjUNl4kcT/9qg2YNkkGp9drwDmBbJXhk
QVgwlmt1mhyyfD04NH8IElVSjlKNSUei/wLQvR3HRdqyhI+2kipp8vWCv/52mYcC
AQIEggEEAoIBAGPOTtARugHxnsRUZb32GCzTBJY5vlN6kxtksmbOk5FU796Ag20f
RqvXwBopW5gflETpKJf7bjtpt+G2UF1/iE3GLyWEcmviw5np2anNSaFzoSDW4kKc
WpciBLkbxFN3KBNhazHfm3X9Si4B/a2fDPY3XKZXmzYK39I5NuQYiSCypAtsXtQT
N9g/92K/m5zJuVMDcZq1oEbCejFX10RYWmvpw85wJ8PuZ2FSv0ndCWu5FGASq3ft
LeASKa7AIKGUAUZyReDe33JAofYWiDtjeMAik24xR1SdyqoviTGdz3Xr5Z4YFhFt
OcTXegGYoFovHYCayhxX0XIVx2JnZia/osk=
-----END PRIVATE KEY-----
[srmdev@fedora DH]$ openssl
help:

Standard commands
asn1parse         ca                ciphers           cmp               
cms               crl               crl2pkcs7         dgst              
dhparam           dsa               dsaparam          ec                
ecparam           enc               engine            errstr            
fipsinstall       gendsa            genpkey           genrsa            
help              info              kdf               list              
mac               nseq              ocsp              passwd            
pkcs12            pkcs7             pkcs8             pkey              
pkeyparam         pkeyutl           prime             rand              
rehash            req               rsa               rsautl            
s_client          s_server          s_time            sess_id           
smime             speed             spkac             srp               
storeutl          ts                verify            version           
x509              

Message Digest commands (see the `dgst' command for more details)
blake2b512        blake2s256        md2               md4               
md5               rmd160            sha1              sha224            
sha256            sha3-224          sha3-256          sha3-384          
sha3-512          sha384            sha512            sha512-224        
sha512-256        shake128          shake256          sm3               

Cipher commands (see the `enc' command for more details)
aes-128-cbc       aes-128-ecb       aes-192-cbc       aes-192-ecb       
aes-256-cbc       aes-256-ecb       aria-128-cbc      aria-128-cfb      
aria-128-cfb1     aria-128-cfb8     aria-128-ctr      aria-128-ecb      
aria-128-ofb      aria-192-cbc      aria-192-cfb      aria-192-cfb1     
aria-192-cfb8     aria-192-ctr      aria-192-ecb      aria-192-ofb      
aria-256-cbc      aria-256-cfb      aria-256-cfb1     aria-256-cfb8     
aria-256-ctr      aria-256-ecb      aria-256-ofb      base64            
bf                bf-cbc            bf-cfb            bf-ecb            
bf-ofb            camellia-128-cbc  camellia-128-ecb  camellia-192-cbc  
camellia-192-ecb  camellia-256-cbc  camellia-256-ecb  cast              
cast-cbc          cast5-cbc         cast5-cfb         cast5-ecb         
cast5-ofb         des               des-cbc           des-cfb           
des-ecb           des-ede           des-ede-cbc       des-ede-cfb       
des-ede-ofb       des-ede3          des-ede3-cbc      des-ede3-cfb      
des-ede3-ofb      des-ofb           des3              desx              
idea              idea-cbc          idea-cfb          idea-ecb          
idea-ofb          rc2               rc2-40-cbc        rc2-64-cbc        
rc2-cbc           rc2-cfb           rc2-ecb           rc2-ofb           
rc4               rc4-40            rc5               rc5-cbc           
rc5-cfb           rc5-ecb           rc5-ofb           seed              
seed-cbc          seed-cfb          seed-ecb          seed-ofb          
zlib              

[srmdev@fedora DH]$ openssl pkeyparam
^Z
[2]+  Stopped                 openssl pkeyparam
[srmdev@fedora DH]$ openssl pkeyparam -h
Usage: pkeyparam [options]

General options:
 -help               Display this summary
 -engine val         Use engine, possibly a hardware device
 -check              Check key param consistency

Input options:
 -in infile          Input file

Output options:
 -out outfile        Output file
 -text               Print parameters as text
 -noout              Don't output encoded parameters

Provider options:
 -provider-path val  Provider load path (must be before 'provider' argument if required)
 -provider val       Provider to load (can be specified multiple times)
 -propquery val      Property query used when fetching algorithms
[srmdev@fedora DH]$ openssl pkeyparam -check -in param.pem -text -noout
Parameters are valid
DH Parameters: (2048 bit)
P:   
    00:d6:8d:9a:92:99:be:bd:28:41:c9:6f:95:e9:a5:
    1f:9e:a7:c0:8f:12:4a:2a:08:81:2e:4b:4d:12:9d:
    87:0f:f9:18:de:be:61:79:57:cc:5e:d8:e4:82:07:
    dc:4b:cd:17:da:5d:94:76:e0:57:7e:52:57:34:28:
    4f:fe:cf:e2:55:f4:ee:09:b4:4a:47:de:87:6f:ae:
    33:5d:00:45:68:27:7f:3a:d0:89:02:12:74:6a:e8:
    46:15:a6:49:9b:07:4f:dd:44:06:05:69:52:a7:69:
    07:19:3e:7e:df:b7:d3:85:e7:a8:aa:ed:bb:e1:62:
    b8:6a:1b:32:74:d5:a8:15:a4:0b:65:09:17:84:f1:
    51:8f:cd:2a:e5:f4:16:ca:f5:1c:e8:92:4d:d0:c1:
    e4:6c:b5:64:99:c2:fc:67:df:62:80:6d:4d:61:d5:
    2e:1e:05:06:00:cf:6c:9b:4c:42:02:f9:b2:89:25:
    d3:22:a7:2f:82:c8:5a:35:0d:97:89:1c:4f:ff:6a:
    83:66:0d:92:41:a9:f5:da:f0:0e:60:5b:25:78:64:
    41:58:30:96:6b:75:9a:1c:b2:7c:3d:38:34:7f:08:
    12:55:52:8e:52:8d:49:47:a2:ff:02:d0:bd:1d:c7:
    45:da:b2:84:8f:b6:92:2a:69:f2:f5:82:bf:fe:76:
    99:87
G:    2 (0x2)
[srmdev@fedora DH]$ openssl pkeyparam -check -in private.pem -text -noout
Error reading parameters
[srmdev@fedora DH]$ openssl
help:

Standard commands
asn1parse         ca                ciphers           cmp               
cms               crl               crl2pkcs7         dgst              
dhparam           dsa               dsaparam          ec                
ecparam           enc               engine            errstr            
fipsinstall       gendsa            genpkey           genrsa            
help              info              kdf               list              
mac               nseq              ocsp              passwd            
pkcs12            pkcs7             pkcs8             pkey              
pkeyparam         pkeyutl           prime             rand              
rehash            req               rsa               rsautl            
s_client          s_server          s_time            sess_id           
smime             speed             spkac             srp               
storeutl          ts                verify            version           
x509              

Message Digest commands (see the `dgst' command for more details)
blake2b512        blake2s256        md2               md4               
md5               rmd160            sha1              sha224            
sha256            sha3-224          sha3-256          sha3-384          
sha3-512          sha384            sha512            sha512-224        
sha512-256        shake128          shake256          sm3               

Cipher commands (see the `enc' command for more details)
aes-128-cbc       aes-128-ecb       aes-192-cbc       aes-192-ecb       
aes-256-cbc       aes-256-ecb       aria-128-cbc      aria-128-cfb      
aria-128-cfb1     aria-128-cfb8     aria-128-ctr      aria-128-ecb      
aria-128-ofb      aria-192-cbc      aria-192-cfb      aria-192-cfb1     
aria-192-cfb8     aria-192-ctr      aria-192-ecb      aria-192-ofb      
aria-256-cbc      aria-256-cfb      aria-256-cfb1     aria-256-cfb8     
aria-256-ctr      aria-256-ecb      aria-256-ofb      base64            
bf                bf-cbc            bf-cfb            bf-ecb            
bf-ofb            camellia-128-cbc  camellia-128-ecb  camellia-192-cbc  
camellia-192-ecb  camellia-256-cbc  camellia-256-ecb  cast              
cast-cbc          cast5-cbc         cast5-cfb         cast5-ecb         
cast5-ofb         des               des-cbc           des-cfb           
des-ecb           des-ede           des-ede-cbc       des-ede-cfb       
des-ede-ofb       des-ede3          des-ede3-cbc      des-ede3-cfb      
des-ede3-ofb      des-ofb           des3              desx              
idea              idea-cbc          idea-cfb          idea-ecb          
idea-ofb          rc2               rc2-40-cbc        rc2-64-cbc        
rc2-cbc           rc2-cfb           rc2-ecb           rc2-ofb           
rc4               rc4-40            rc5               rc5-cbc           
rc5-cfb           rc5-ecb           rc5-ofb           seed              
seed-cbc          seed-cfb          seed-ecb          seed-ofb          
zlib              

[srmdev@fedora DH]$ openssl pkey -h
Usage: pkey [options]

General options:
 -help               Display this summary
 -engine val         Use engine, possibly a hardware device

Provider options:
 -provider-path val  Provider load path (must be before 'provider' argument if required)
 -provider val       Provider to load (can be specified multiple times)
 -propquery val      Property query used when fetching algorithms
 -check              Check key consistency
 -pubcheck           Check public key consistency

Input options:
 -in val             Input key
 -inform format      Key input format (ENGINE, other values ignored)
 -passin val         Key input pass phrase source
 -pubin              Read only public components from key input

Output options:
 -out outfile        Output file for encoded and/or text output
 -outform PEM|DER    Output encoding format (DER or PEM)
 -*                  Any supported cipher to be used for encryption
 -passout val        Output PEM file pass phrase source
 -traditional        Use traditional format for private key PEM output
 -pubout             Restrict encoded output to public components
 -noout              Do not output the key in encoded form
 -text               Output key components in plaintext
 -text_pub           Output only public key components in text form
 -ec_conv_form val   Specifies the EC point conversion form in the encoding
 -ec_param_enc val   Specifies the way the EC parameters are encoded
[srmdev@fedora DH]$ openssl pkey -check -in private.pem -text -noout
Key is valid
DH Private-Key: (2048 bit)
private-key:
    63:ce:4e:d0:11:ba:01:f1:9e:c4:54:65:bd:f6:18:
    2c:d3:04:96:39:be:53:7a:93:1b:64:b2:66:ce:93:
    91:54:ef:de:80:83:6d:1f:46:ab:d7:c0:1a:29:5b:
    98:1f:94:44:e9:28:97:fb:6e:3b:69:b7:e1:b6:50:
    5d:7f:88:4d:c6:2f:25:84:72:6b:e2:c3:99:e9:d9:
    a9:cd:49:a1:73:a1:20:d6:e2:42:9c:5a:97:22:04:
    b9:1b:c4:53:77:28:13:61:6b:31:df:9b:75:fd:4a:
    2e:01:fd:ad:9f:0c:f6:37:5c:a6:57:9b:36:0a:df:
    d2:39:36:e4:18:89:20:b2:a4:0b:6c:5e:d4:13:37:
    d8:3f:f7:62:bf:9b:9c:c9:b9:53:03:71:9a:b5:a0:
    46:c2:7a:31:57:d7:44:58:5a:6b:e9:c3:ce:70:27:
    c3:ee:67:61:52:bf:49:dd:09:6b:b9:14:60:12:ab:
    77:ed:2d:e0:12:29:ae:c0:20:a1:94:01:46:72:45:
    e0:de:df:72:40:a1:f6:16:88:3b:63:78:c0:22:93:
    6e:31:47:54:9d:ca:aa:2f:89:31:9d:cf:75:eb:e5:
    9e:18:16:11:6d:39:c4:d7:7a:01:98:a0:5a:2f:1d:
    80:9a:ca:1c:57:d1:72:15:c7:62:67:66:26:bf:a2:
    c9
public-key:
    54:06:e0:49:b4:f9:bf:fe:15:71:1f:6c:c2:55:43:
    42:d7:61:1c:2f:59:90:15:84:4d:d6:13:9f:88:b5:
    14:81:5e:65:bd:d8:b3:b8:b2:40:cf:fb:0e:da:76:
    1f:9a:70:c5:b6:81:bb:65:3f:cf:04:67:b4:d1:fb:
    d3:78:59:39:00:f0:0f:55:56:3e:6d:9c:89:94:13:
    1a:bd:c3:7a:ab:b6:60:a9:a1:eb:70:30:d5:09:1d:
    c8:19:f8:b8:32:ed:d9:a5:0a:2a:46:90:cc:6b:04:
    c0:d8:90:80:ea:5c:0e:3e:ff:d3:4f:05:81:72:47:
    2f:23:d9:bf:7f:d4:a6:db:86:17:64:e4:2d:ea:89:
    f0:e6:1e:a2:8a:64:7a:6b:4b:e9:05:56:fe:a2:3b:
    21:54:77:f6:77:53:73:74:b1:bb:f8:37:f1:7d:68:
    f9:51:48:b8:4b:b2:da:8d:b2:36:35:b9:08:6e:d4:
    2e:80:dc:d2:a4:e8:29:ba:e1:1a:a0:5e:44:18:1f:
    ae:17:44:f6:f9:48:4e:98:66:65:2f:75:48:a6:17:
    57:ba:5b:88:d1:e4:47:19:7f:54:82:b1:92:d1:f5:
    e8:db:dc:e6:47:27:76:f7:cf:dd:cb:3c:31:3e:07:
    d1:92:70:75:53:1c:80:ec:55:13:9a:b8:b7:4c:76:
    50
P:   
    00:d6:8d:9a:92:99:be:bd:28:41:c9:6f:95:e9:a5:
    1f:9e:a7:c0:8f:12:4a:2a:08:81:2e:4b:4d:12:9d:
    87:0f:f9:18:de:be:61:79:57:cc:5e:d8:e4:82:07:
    dc:4b:cd:17:da:5d:94:76:e0:57:7e:52:57:34:28:
    4f:fe:cf:e2:55:f4:ee:09:b4:4a:47:de:87:6f:ae:
    33:5d:00:45:68:27:7f:3a:d0:89:02:12:74:6a:e8:
    46:15:a6:49:9b:07:4f:dd:44:06:05:69:52:a7:69:
    07:19:3e:7e:df:b7:d3:85:e7:a8:aa:ed:bb:e1:62:
    b8:6a:1b:32:74:d5:a8:15:a4:0b:65:09:17:84:f1:
    51:8f:cd:2a:e5:f4:16:ca:f5:1c:e8:92:4d:d0:c1:
    e4:6c:b5:64:99:c2:fc:67:df:62:80:6d:4d:61:d5:
    2e:1e:05:06:00:cf:6c:9b:4c:42:02:f9:b2:89:25:
    d3:22:a7:2f:82:c8:5a:35:0d:97:89:1c:4f:ff:6a:
    83:66:0d:92:41:a9:f5:da:f0:0e:60:5b:25:78:64:
    41:58:30:96:6b:75:9a:1c:b2:7c:3d:38:34:7f:08:
    12:55:52:8e:52:8d:49:47:a2:ff:02:d0:bd:1d:c7:
    45:da:b2:84:8f:b6:92:2a:69:f2:f5:82:bf:fe:76:
    99:87
G:    2 (0x2)
[srmdev@fedora DH]$ openssl
help:

Standard commands
asn1parse         ca                ciphers           cmp               
cms               crl               crl2pkcs7         dgst              
dhparam           dsa               dsaparam          ec                
ecparam           enc               engine            errstr            
fipsinstall       gendsa            genpkey           genrsa            
help              info              kdf               list              
mac               nseq              ocsp              passwd            
pkcs12            pkcs7             pkcs8             pkey              
pkeyparam         pkeyutl           prime             rand              
rehash            req               rsa               rsautl            
s_client          s_server          s_time            sess_id           
smime             speed             spkac             srp               
storeutl          ts                verify            version           
x509              

Message Digest commands (see the `dgst' command for more details)
blake2b512        blake2s256        md2               md4               
md5               rmd160            sha1              sha224            
sha256            sha3-224          sha3-256          sha3-384          
sha3-512          sha384            sha512            sha512-224        
sha512-256        shake128          shake256          sm3               

Cipher commands (see the `enc' command for more details)
aes-128-cbc       aes-128-ecb       aes-192-cbc       aes-192-ecb       
aes-256-cbc       aes-256-ecb       aria-128-cbc      aria-128-cfb      
aria-128-cfb1     aria-128-cfb8     aria-128-ctr      aria-128-ecb      
aria-128-ofb      aria-192-cbc      aria-192-cfb      aria-192-cfb1     
aria-192-cfb8     aria-192-ctr      aria-192-ecb      aria-192-ofb      
aria-256-cbc      aria-256-cfb      aria-256-cfb1     aria-256-cfb8     
aria-256-ctr      aria-256-ecb      aria-256-ofb      base64            
bf                bf-cbc            bf-cfb            bf-ecb            
bf-ofb            camellia-128-cbc  camellia-128-ecb  camellia-192-cbc  
camellia-192-ecb  camellia-256-cbc  camellia-256-ecb  cast              
cast-cbc          cast5-cbc         cast5-cfb         cast5-ecb         
cast5-ofb         des               des-cbc           des-cfb           
des-ecb           des-ede           des-ede-cbc       des-ede-cfb       
des-ede-ofb       des-ede3          des-ede3-cbc      des-ede3-cfb      
des-ede3-ofb      des-ofb           des3              desx              
idea              idea-cbc          idea-cfb          idea-ecb          
idea-ofb          rc2               rc2-40-cbc        rc2-64-cbc        
rc2-cbc           rc2-cfb           rc2-ecb           rc2-ofb           
rc4               rc4-40            rc5               rc5-cbc           
rc5-cfb           rc5-ecb           rc5-ofb           seed              
seed-cbc          seed-cfb          seed-ecb          seed-ofb          
zlib              

[srmdev@fedora DH]$ openssl pkey -h
Usage: pkey [options]

General options:
 -help               Display this summary
 -engine val         Use engine, possibly a hardware device

Provider options:
 -provider-path val  Provider load path (must be before 'provider' argument if required)
 -provider val       Provider to load (can be specified multiple times)
 -propquery val      Property query used when fetching algorithms
 -check              Check key consistency
 -pubcheck           Check public key consistency

Input options:
 -in val             Input key
 -inform format      Key input format (ENGINE, other values ignored)
 -passin val         Key input pass phrase source
 -pubin              Read only public components from key input

Output options:
 -out outfile        Output file for encoded and/or text output
 -outform PEM|DER    Output encoding format (DER or PEM)
 -*                  Any supported cipher to be used for encryption
 -passout val        Output PEM file pass phrase source
 -traditional        Use traditional format for private key PEM output
 -pubout             Restrict encoded output to public components
 -noout              Do not output the key in encoded form
 -text               Output key components in plaintext
 -text_pub           Output only public key components in text form
 -ec_conv_form val   Specifies the EC point conversion form in the encoding
 -ec_param_enc val   Specifies the way the EC parameters are encoded
[srmdev@fedora DH]$ openssl pkey -in private.pem -pubout -out public.pem
[srmdev@fedora DH]$ cat public.pem 
-----BEGIN PUBLIC KEY-----
MIICJDCCARcGCSqGSIb3DQEDATCCAQgCggEBANaNmpKZvr0oQclvlemlH56nwI8S
SioIgS5LTRKdhw/5GN6+YXlXzF7Y5IIH3EvNF9pdlHbgV35SVzQoT/7P4lX07gm0
Skfeh2+uM10ARWgnfzrQiQISdGroRhWmSZsHT91EBgVpUqdpBxk+ft+304XnqKrt
u+FiuGobMnTVqBWkC2UJF4TxUY/NKuX0Fsr1HOiSTdDB5Gy1ZJnC/GffYoBtTWHV
Lh4FBgDPbJtMQgL5sokl0yKnL4LIWjUNl4kcT/9qg2YNkkGp9drwDmBbJXhkQVgw
lmt1mhyyfD04NH8IElVSjlKNSUei/wLQvR3HRdqyhI+2kipp8vWCv/52mYcCAQID
ggEFAAKCAQBUBuBJtPm//hVxH2zCVUNC12EcL1mQFYRN1hOfiLUUgV5lvdizuLJA
z/sO2nYfmnDFtoG7ZT/PBGe00fvTeFk5APAPVVY+bZyJlBMavcN6q7ZgqaHrcDDV
CR3IGfi4Mu3ZpQoqRpDMawTA2JCA6lwOPv/TTwWBckcvI9m/f9Sm24YXZOQt6onw
5h6iimR6a0vpBVb+ojshVHf2d1NzdLG7+DfxfWj5UUi4S7LajbI2NbkIbtQugNzS
pOgpuuEaoF5EGB+uF0T2+UhOmGZlL3VIphdXuluI0eRHGX9UgrGS0fXo29zmRyd2
98/dyzwxPgfRknB1UxyA7FUTmri3THZQ
-----END PUBLIC KEY-----
[srmdev@fedora DH]$ openssl -pkey -in public.pem -text -noout
Invalid command '-pkey'; type "help" for a list.
[srmdev@fedora DH]$ openssl pkey -in public.pem -text -noout
Could not read key from public.pem
009EFB952C7F0000:error:1608010C:STORE routines:ossl_store_handle_load_result:unsupported:crypto/store/store_result.c:151:
009EFB952C7F0000:error:1608010C:STORE routines:ossl_store_handle_load_result:unsupported:crypto/store/store_result.c:151:
[srmdev@fedora DH]$ openssl pkey -check -in public.pem -text -noout
Could not read key from public.pem
001E4EE1547F0000:error:1608010C:STORE routines:ossl_store_handle_load_result:unsupported:crypto/store/store_result.c:151:
001E4EE1547F0000:error:1608010C:STORE routines:ossl_store_handle_load_result:unsupported:crypto/store/store_result.c:151:
[srmdev@fedora DH]$ openssl
help:

Standard commands
asn1parse         ca                ciphers           cmp               
cms               crl               crl2pkcs7         dgst              
dhparam           dsa               dsaparam          ec                
ecparam           enc               engine            errstr            
fipsinstall       gendsa            genpkey           genrsa            
help              info              kdf               list              
mac               nseq              ocsp              passwd            
pkcs12            pkcs7             pkcs8             pkey              
pkeyparam         pkeyutl           prime             rand              
rehash            req               rsa               rsautl            
s_client          s_server          s_time            sess_id           
smime             speed             spkac             srp               
storeutl          ts                verify            version           
x509              

Message Digest commands (see the `dgst' command for more details)
blake2b512        blake2s256        md2               md4               
md5               rmd160            sha1              sha224            
sha256            sha3-224          sha3-256          sha3-384          
sha3-512          sha384            sha512            sha512-224        
sha512-256        shake128          shake256          sm3               

Cipher commands (see the `enc' command for more details)
aes-128-cbc       aes-128-ecb       aes-192-cbc       aes-192-ecb       
aes-256-cbc       aes-256-ecb       aria-128-cbc      aria-128-cfb      
aria-128-cfb1     aria-128-cfb8     aria-128-ctr      aria-128-ecb      
aria-128-ofb      aria-192-cbc      aria-192-cfb      aria-192-cfb1     
aria-192-cfb8     aria-192-ctr      aria-192-ecb      aria-192-ofb      
aria-256-cbc      aria-256-cfb      aria-256-cfb1     aria-256-cfb8     
aria-256-ctr      aria-256-ecb      aria-256-ofb      base64            
bf                bf-cbc            bf-cfb            bf-ecb            
bf-ofb            camellia-128-cbc  camellia-128-ecb  camellia-192-cbc  
camellia-192-ecb  camellia-256-cbc  camellia-256-ecb  cast              
cast-cbc          cast5-cbc         cast5-cfb         cast5-ecb         
cast5-ofb         des               des-cbc           des-cfb           
des-ecb           des-ede           des-ede-cbc       des-ede-cfb       
des-ede-ofb       des-ede3          des-ede3-cbc      des-ede3-cfb      
des-ede3-ofb      des-ofb           des3              desx              
idea              idea-cbc          idea-cfb          idea-ecb          
idea-ofb          rc2               rc2-40-cbc        rc2-64-cbc        
rc2-cbc           rc2-cfb           rc2-ecb           rc2-ofb           
rc4               rc4-40            rc5               rc5-cbc           
rc5-cfb           rc5-ecb           rc5-ofb           seed              
seed-cbc          seed-cfb          seed-ecb          seed-ofb          
zlib              

[srmdev@fedora DH]$ openssl pkey -h
Usage: pkey [options]

General options:
 -help               Display this summary
 -engine val         Use engine, possibly a hardware device

Provider options:
 -provider-path val  Provider load path (must be before 'provider' argument if required)
 -provider val       Provider to load (can be specified multiple times)
 -propquery val      Property query used when fetching algorithms
 -check              Check key consistency
 -pubcheck           Check public key consistency

Input options:
 -in val             Input key
 -inform format      Key input format (ENGINE, other values ignored)
 -passin val         Key input pass phrase source
 -pubin              Read only public components from key input

Output options:
 -out outfile        Output file for encoded and/or text output
 -outform PEM|DER    Output encoding format (DER or PEM)
 -*                  Any supported cipher to be used for encryption
 -passout val        Output PEM file pass phrase source
 -traditional        Use traditional format for private key PEM output
 -pubout             Restrict encoded output to public components
 -noout              Do not output the key in encoded form
 -text               Output key components in plaintext
 -text_pub           Output only public key components in text form
 -ec_conv_form val   Specifies the EC point conversion form in the encoding
 -ec_param_enc val   Specifies the way the EC parameters are encoded
[srmdev@fedora DH]$ openssl pkeyutl -h
Usage: pkeyutl [options]

General options:
 -help                     Display this summary
 -engine val               Use engine, possibly a hardware device
 -engine_impl              Also use engine given by -engine for crypto operations
 -sign                     Sign input data with private key
 -verify                   Verify with public key
 -encrypt                  Encrypt input data with public key
 -decrypt                  Decrypt input data with private key
 -derive                   Derive shared secret
 -config infile            Load a configuration file (this may load modules)

Input options:
 -in infile                Input file - default stdin
 -rawin                    Indicate the input data is in raw form
 -pubin                    Input is a public key
 -inkey val                Input private key file
 -passin val               Input file pass phrase source
 -peerkey val              Peer key file used in key derivation
 -peerform PEM|DER|ENGINE  Peer key format (DER/PEM/P12/ENGINE)
 -certin                   Input is a cert with a public key
 -rev                      Reverse the order of the input buffer
 -sigfile infile           Signature file (verify operation only)
 -keyform PEM|DER|ENGINE   Private key format (ENGINE, other values ignored)

Output options:
 -out outfile              Output file - default stdout
 -asn1parse                asn1parse the output data
 -hexdump                  Hex dump output
 -verifyrecover            Verify with public key, recover original data

Signing/Derivation options:
 -digest val               Specify the digest algorithm when signing the raw input data
 -pkeyopt val              Public key options as opt:value
 -pkeyopt_passin val       Public key option that is read as a passphrase argument opt:passphrase
 -kdf val                  Use KDF algorithm
 -kdflen +int              KDF algorithm output length

Random state options:
 -rand val                 Load the given file(s) into the random number generator
 -writerand outfile        Write random data to the specified file

Provider options:
 -provider-path val        Provider load path (must be before 'provider' argument if required)
 -provider val             Provider to load (can be specified multiple times)
 -propquery val            Property query used when fetching algorithms
[srmdev@fedora DH]$ openssl 
help:

Standard commands
asn1parse         ca                ciphers           cmp               
cms               crl               crl2pkcs7         dgst              
dhparam           dsa               dsaparam          ec                
ecparam           enc               engine            errstr            
fipsinstall       gendsa            genpkey           genrsa            
help              info              kdf               list              
mac               nseq              ocsp              passwd            
pkcs12            pkcs7             pkcs8             pkey              
pkeyparam         pkeyutl           prime             rand              
rehash            req               rsa               rsautl            
s_client          s_server          s_time            sess_id           
smime             speed             spkac             srp               
storeutl          ts                verify            version           
x509              

Message Digest commands (see the `dgst' command for more details)
blake2b512        blake2s256        md2               md4               
md5               rmd160            sha1              sha224            
sha256            sha3-224          sha3-256          sha3-384          
sha3-512          sha384            sha512            sha512-224        
sha512-256        shake128          shake256          sm3               

Cipher commands (see the `enc' command for more details)
aes-128-cbc       aes-128-ecb       aes-192-cbc       aes-192-ecb       
aes-256-cbc       aes-256-ecb       aria-128-cbc      aria-128-cfb      
aria-128-cfb1     aria-128-cfb8     aria-128-ctr      aria-128-ecb      
aria-128-ofb      aria-192-cbc      aria-192-cfb      aria-192-cfb1     
aria-192-cfb8     aria-192-ctr      aria-192-ecb      aria-192-ofb      
aria-256-cbc      aria-256-cfb      aria-256-cfb1     aria-256-cfb8     
aria-256-ctr      aria-256-ecb      aria-256-ofb      base64            
bf                bf-cbc            bf-cfb            bf-ecb            
bf-ofb            camellia-128-cbc  camellia-128-ecb  camellia-192-cbc  
camellia-192-ecb  camellia-256-cbc  camellia-256-ecb  cast              
cast-cbc          cast5-cbc         cast5-cfb         cast5-ecb         
cast5-ofb         des               des-cbc           des-cfb           
des-ecb           des-ede           des-ede-cbc       des-ede-cfb       
des-ede-ofb       des-ede3          des-ede3-cbc      des-ede3-cfb      
des-ede3-ofb      des-ofb           des3              desx              
idea              idea-cbc          idea-cfb          idea-ecb          
idea-ofb          rc2               rc2-40-cbc        rc2-64-cbc        
rc2-cbc           rc2-cfb           rc2-ecb           rc2-ofb           
rc4               rc4-40            rc5               rc5-cbc           
rc5-cfb           rc5-ecb           rc5-ofb           seed              
seed-cbc          seed-cfb          seed-ecb          seed-ofb          
zlib              

[srmdev@fedora DH]$ openssl list -h
Usage: list [options]

General options:
 -help                     Display this summary

Output options:
 -1                        List in one column
 -verbose                  Verbose listing
 -select val               Select a single algorithm
 -commands                 List of standard commands
 -standard-commands        List of standard commands
 -digest-commands          List of message digest commands (deprecated)
 -digest-algorithms        List of message digest algorithms
 -kdf-algorithms           List of key derivation and pseudo random function algorithms
 -random-instances         List the primary, public and private random number generator details
 -random-generators        List of random number generators
 -mac-algorithms           List of message authentication code algorithms
 -cipher-commands          List of cipher commands (deprecated)
 -cipher-algorithms        List of cipher algorithms
 -encoders                 List of encoding methods
 -decoders                 List of decoding methods
 -key-managers             List of key managers
 -key-exchange-algorithms  List of key exchange algorithms
 -kem-algorithms           List of key encapsulation mechanism algorithms
 -signature-algorithms     List of signature algorithms
 -asymcipher-algorithms    List of asymmetric cipher algorithms
 -public-key-algorithms    List of public key algorithms
 -public-key-methods       List of public key methods
 -store-loaders            List of store loaders
 -providers                List of provider information
 -engines                  List of loaded engines
 -disabled                 List of disabled features
 -options val              List options for specified command
 -objects                  List built in objects (OID<->name mappings)

Provider options:
 -provider-path val        Provider load path (must be before 'provider' argument if required)
 -provider val             Provider to load (can be specified multiple times)
 -propquery val            Property query used when fetching algorithms
[srmdev@fedora DH]$ openssl list -public-key-algorithms 
Legacy:
 Name: OpenSSL RSA method
        Type: Builtin Algorithm
        OID: rsaEncryption
        PEM string: RSA
 Name: rsa
        Alias for: rsaEncryption
 Name: OpenSSL PKCS#3 DH method
        Type: Builtin Algorithm
        OID: dhKeyAgreement
        PEM string: DH
 Name: dsaWithSHA
        Alias for: dsaEncryption
 Name: dsaEncryption-old
        Alias for: dsaEncryption
 Name: dsaWithSHA1-old
        Alias for: dsaEncryption
 Name: dsaWithSHA1
        Alias for: dsaEncryption
 Name: OpenSSL DSA method
        Type: Builtin Algorithm
        OID: dsaEncryption
        PEM string: DSA
 Name: OpenSSL EC algorithm
        Type: Builtin Algorithm
        OID: id-ecPublicKey
        PEM string: EC
 Name: OpenSSL RSA-PSS method
        Type: Builtin Algorithm
        OID: rsassaPss
        PEM string: RSA-PSS
 Name: OpenSSL X9.42 DH method
        Type: Builtin Algorithm
        OID: X9.42 DH
        PEM string: X9.42 DH
 Name: OpenSSL X25519 algorithm
        Type: Builtin Algorithm
        OID: X25519
        PEM string: X25519
 Name: OpenSSL X448 algorithm
        Type: Builtin Algorithm
        OID: X448
        PEM string: X448
 Name: OpenSSL ED25519 algorithm
        Type: Builtin Algorithm
        OID: ED25519
        PEM string: ED25519
 Name: OpenSSL ED448 algorithm
        Type: Builtin Algorithm
        OID: ED448
        PEM string: ED448
Provided:
 Key Managers:
  Name: OpenSSL RSA implementation
    Type: Provider Algorithm
    IDs: { 1.2.840.113549.1.1.1, 2.5.8.1.1, RSA, rsaEncryption } @ default
  Name: OpenSSL PKCS#3 DH implementation
    Type: Provider Algorithm
    IDs: { 1.2.840.113549.1.3.1, DH, dhKeyAgreement } @ default
  Name: OpenSSL DSA implementation
    Type: Provider Algorithm
    IDs: { 1.2.840.10040.4.1, 1.2.840.10040.4.3, 1.3.14.3.2.12, 1.3.14.3.2.13, 1.3.14.3.2.27, DSA, DSA-old, DSA-SHA, DSA-SHA1, DSA-SHA1-old, dsaEncryption, dsaEncryption-old, dsaWithSHA, dsaWithSHA1, dsaWithSHA1-old } @ default
  Name: OpenSSL EC implementation
    Type: Provider Algorithm
    IDs: { 1.2.840.10045.2.1, EC, id-ecPublicKey } @ default
  Name: OpenSSL RSA-PSS implementation
    Type: Provider Algorithm
    IDs: { 1.2.840.113549.1.1.10, RSA-PSS, RSASSA-PSS, rsassaPss } @ default
  Name: OpenSSL X9.42 DH implementation
    Type: Provider Algorithm
    IDs: { 1.2.840.10046.2.1, dhpublicnumber, DHX, X9.42 DH } @ default
  Name: OpenSSL X25519 implementation
    Type: Provider Algorithm
    IDs: { 1.3.101.110, X25519 } @ default
  Name: OpenSSL X448 implementation
    Type: Provider Algorithm
    IDs: { 1.3.101.111, X448 } @ default
  Name: OpenSSL ED25519 implementation
    Type: Provider Algorithm
    IDs: { 1.3.101.112, ED25519 } @ default
  Name: OpenSSL ED448 implementation
    Type: Provider Algorithm
    IDs: { 1.3.101.113, ED448 } @ default
  Name: OpenSSL TLS1_PRF via EVP_PKEY implementation
    Type: Provider Algorithm
    IDs: TLS1-PRF @ default
  Name: OpenSSL HKDF via EVP_PKEY implementation
    Type: Provider Algorithm
    IDs: HKDF @ default
  Name: OpenSSL SCRYPT via EVP_PKEY implementation
    Type: Provider Algorithm
    IDs: { 1.3.6.1.4.1.11591.4.11, id-scrypt, SCRYPT } @ default
  Name: OpenSSL HMAC via EVP_PKEY implementation
    Type: Provider Algorithm
    IDs: HMAC @ default
  Name: OpenSSL SIPHASH via EVP_PKEY implementation
    Type: Provider Algorithm
    IDs: SIPHASH @ default
  Name: OpenSSL POLY1305 via EVP_PKEY implementation
    Type: Provider Algorithm
    IDs: POLY1305 @ default
  Name: OpenSSL CMAC via EVP_PKEY implementation
    Type: Provider Algorithm
    IDs: CMAC @ default
[srmdev@fedora DH]$ ls
param.pem  private.pem  public.pem
[srmdev@fedora DH]$ mkdir alice
[srmdev@fedora DH]$ cp *.pem alice/
[srmdev@fedora DH]$ ls
alice  param.pem  private.pem  public.pem
[srmdev@fedora DH]$ ls alice/
param.pem  private.pem  public.pem
[srmdev@fedora DH]$ rm private.pem 
[srmdev@fedora DH]$ ls
alice  param.pem  public.pem
[srmdev@fedora DH]$ mkdir bob
[srmdev@fedora DH]$ cp param.pem bob/
[srmdev@fedora DH]$ cp public.pem bob/alice_public.pem
[srmdev@fedora DH]$ ls
alice  bob  param.pem  public.pem
[srmdev@fedora DH]$ rm param.pem 
[srmdev@fedora DH]$ rm public.pem 
[srmdev@fedora DH]$ lsd
bash: lsd: command not found...
^Z
[3]+  Stopped                 lsd
[srmdev@fedora DH]$ ls
alice  bob
[srmdev@fedora DH]$ cd bob/
[srmdev@fedora bob]$ ls
alice_public.pem  param.pem
[srmdev@fedora bob]$ openssl gen
gendh    gendsa   genpkey  genrsa   
[srmdev@fedora bob]$ openssl genpkey -h
Usage: genpkey [options]

General options:
 -help               Display this summary
 -engine val         Use engine, possibly a hardware device
 -paramfile infile   Parameters file
 -algorithm val      The public key algorithm
 -quiet              Do not output status while generating keys
 -pkeyopt val        Set the public key algorithm option as opt:value
 -config infile      Load a configuration file (this may load modules)

Output options:
 -out outfile        Output file
 -outform PEM|DER    output format (DER or PEM)
 -pass val           Output file pass phrase source
 -genparam           Generate parameters, not key
 -text               Print the in text
 -*                  Cipher to use to encrypt the key

Provider options:
 -provider-path val  Provider load path (must be before 'provider' argument if required)
 -provider val       Provider to load (can be specified multiple times)
 -propquery val      Property query used when fetching algorithms
Order of options may be important!  See the documentation.
[srmdev@fedora bob]$ openssl genpkey -paramfile param.pem -out private.pem
[srmdev@fedora bob]$ openssl pkey -in private.pem -text -noout
DH Private-Key: (2048 bit)
private-key:
    78:d4:20:a6:51:4f:29:b5:29:f8:9d:6d:4d:77:f2:
    2c:e6:6a:a4:ca:46:45:67:07:cf:57:16:88:a2:2b:
    95:e8:05:b6:58:ea:16:c0:a1:1d:3d:84:e1:41:87:
    45:c4:e9:57:95:90:9e:48:2e:df:bd:6c:81:e6:01:
    f2:05:c8:0c:7d:1f:e0:88:b7:82:20:fb:3f:be:e6:
    11:8b:f4:79:f3:84:6a:2d:8f:e8:da:00:7f:ec:ee:
    5d:4d:89:fb:37:d3:ac:e7:7c:2f:84:53:e4:a3:c9:
    b9:83:46:bf:e6:c8:38:96:5e:71:1a:97:00:f3:8e:
    61:02:78:91:9f:8a:b0:ba:05:32:cc:6a:bf:6b:20:
    3e:da:21:d1:dd:cb:b9:07:49:a3:9f:aa:29:cd:0a:
    46:00:01:00:62:91:65:f3:62:47:4f:80:de:e8:93:
    41:11:be:b3:88:2e:c8:5c:88:5c:1c:6c:f6:46:34:
    80:24:b9:82:a9:94:a0:42:86:34:b2:5d:82:9a:6b:
    fd:06:06:bd:15:91:b3:d6:8e:f1:08:fd:dd:dd:4d:
    40:5f:5a:6c:03:9b:e3:d3:d0:21:d6:51:a8:90:65:
    fa:58:cf:bc:5b:f7:41:0f:2f:bb:09:4d:c8:9d:24:
    27:d7:52:a2:b1:a9:d6:bd:ec:32:7f:8d:20:fc:75:
    02
public-key:
    16:db:bf:14:00:20:48:47:ae:5d:b2:ff:f7:20:1c:
    a6:4f:a3:20:17:ab:ef:31:9f:c3:ce:27:33:d0:69:
    d9:db:52:05:f8:34:c2:80:97:d7:7a:25:37:13:13:
    fa:53:26:a8:46:8d:d3:83:45:11:2a:4c:41:3d:5f:
    8e:11:2b:0a:e9:73:2c:b7:47:47:84:33:89:2c:2d:
    d7:20:37:55:8d:fb:5c:45:e8:9b:20:e4:a6:a3:4e:
    0a:bc:d9:9f:d6:b4:46:90:42:9a:3d:ea:51:12:bc:
    2d:a6:c8:93:08:f8:d3:c9:7b:2a:9a:e5:73:dd:51:
    f8:16:12:98:dd:12:de:18:28:75:8f:4b:7a:15:4a:
    65:3f:e8:34:72:db:17:f3:bc:78:92:b8:da:1b:68:
    29:75:e0:eb:38:41:51:76:6f:92:4b:7b:3d:47:89:
    ec:62:e9:dd:dc:ae:92:6a:62:2f:ec:f1:89:0c:fb:
    1c:e0:32:0e:fd:cc:e5:44:b7:30:e1:de:01:2f:66:
    80:5e:f0:dd:4e:cc:00:71:58:f5:aa:36:1f:9b:ec:
    49:6f:e9:3a:04:3a:25:e9:50:33:8a:9a:5f:c0:ef:
    42:00:82:77:99:c5:18:cf:0a:07:24:11:be:c4:a8:
    29:63:a6:c7:01:dd:95:93:46:e3:55:1d:23:76:47:
    3f
P:   
    00:d6:8d:9a:92:99:be:bd:28:41:c9:6f:95:e9:a5:
    1f:9e:a7:c0:8f:12:4a:2a:08:81:2e:4b:4d:12:9d:
    87:0f:f9:18:de:be:61:79:57:cc:5e:d8:e4:82:07:
    dc:4b:cd:17:da:5d:94:76:e0:57:7e:52:57:34:28:
    4f:fe:cf:e2:55:f4:ee:09:b4:4a:47:de:87:6f:ae:
    33:5d:00:45:68:27:7f:3a:d0:89:02:12:74:6a:e8:
    46:15:a6:49:9b:07:4f:dd:44:06:05:69:52:a7:69:
    07:19:3e:7e:df:b7:d3:85:e7:a8:aa:ed:bb:e1:62:
    b8:6a:1b:32:74:d5:a8:15:a4:0b:65:09:17:84:f1:
    51:8f:cd:2a:e5:f4:16:ca:f5:1c:e8:92:4d:d0:c1:
    e4:6c:b5:64:99:c2:fc:67:df:62:80:6d:4d:61:d5:
    2e:1e:05:06:00:cf:6c:9b:4c:42:02:f9:b2:89:25:
    d3:22:a7:2f:82:c8:5a:35:0d:97:89:1c:4f:ff:6a:
    83:66:0d:92:41:a9:f5:da:f0:0e:60:5b:25:78:64:
    41:58:30:96:6b:75:9a:1c:b2:7c:3d:38:34:7f:08:
    12:55:52:8e:52:8d:49:47:a2:ff:02:d0:bd:1d:c7:
    45:da:b2:84:8f:b6:92:2a:69:f2:f5:82:bf:fe:76:
    99:87
G:    2 (0x2)
[srmdev@fedora bob]$ openssl pkey -in private.pem -pubout -out public.pem
[srmdev@fedora bob]$ cat private.pem 
-----BEGIN PRIVATE KEY-----
MIICJgIBADCCARcGCSqGSIb3DQEDATCCAQgCggEBANaNmpKZvr0oQclvlemlH56n
wI8SSioIgS5LTRKdhw/5GN6+YXlXzF7Y5IIH3EvNF9pdlHbgV35SVzQoT/7P4lX0
7gm0Skfeh2+uM10ARWgnfzrQiQISdGroRhWmSZsHT91EBgVpUqdpBxk+ft+304Xn
qKrtu+FiuGobMnTVqBWkC2UJF4TxUY/NKuX0Fsr1HOiSTdDB5Gy1ZJnC/GffYoBt
TWHVLh4FBgDPbJtMQgL5sokl0yKnL4LIWjUNl4kcT/9qg2YNkkGp9drwDmBbJXhk
QVgwlmt1mhyyfD04NH8IElVSjlKNSUei/wLQvR3HRdqyhI+2kipp8vWCv/52mYcC
AQIEggEEAoIBAHjUIKZRTym1KfidbU138izmaqTKRkVnB89XFoiiK5XoBbZY6hbA
oR09hOFBh0XE6VeVkJ5ILt+9bIHmAfIFyAx9H+CIt4Ig+z++5hGL9HnzhGotj+ja
AH/s7l1Nifs306znfC+EU+SjybmDRr/myDiWXnEalwDzjmECeJGfirC6BTLMar9r
ID7aIdHdy7kHSaOfqinNCkYAAQBikWXzYkdPgN7ok0ERvrOILshciFwcbPZGNIAk
uYKplKBChjSyXYKaa/0GBr0VkbPWjvEI/d3dTUBfWmwDm+PT0CHWUaiQZfpYz7xb
90EPL7sJTcidJCfXUqKxqda97DJ/jSD8dQI=
-----END PRIVATE KEY-----
[srmdev@fedora bob]$ cat public.pem 
-----BEGIN PUBLIC KEY-----
MIICJDCCARcGCSqGSIb3DQEDATCCAQgCggEBANaNmpKZvr0oQclvlemlH56nwI8S
SioIgS5LTRKdhw/5GN6+YXlXzF7Y5IIH3EvNF9pdlHbgV35SVzQoT/7P4lX07gm0
Skfeh2+uM10ARWgnfzrQiQISdGroRhWmSZsHT91EBgVpUqdpBxk+ft+304XnqKrt
u+FiuGobMnTVqBWkC2UJF4TxUY/NKuX0Fsr1HOiSTdDB5Gy1ZJnC/GffYoBtTWHV
Lh4FBgDPbJtMQgL5sokl0yKnL4LIWjUNl4kcT/9qg2YNkkGp9drwDmBbJXhkQVgw
lmt1mhyyfD04NH8IElVSjlKNSUei/wLQvR3HRdqyhI+2kipp8vWCv/52mYcCAQID
ggEFAAKCAQAW278UACBIR65dsv/3IBymT6MgF6vvMZ/Dzicz0GnZ21IF+DTCgJfX
eiU3ExP6UyaoRo3Tg0URKkxBPV+OESsK6XMst0dHhDOJLC3XIDdVjftcReibIOSm
o04KvNmf1rRGkEKaPepRErwtpsiTCPjTyXsqmuVz3VH4FhKY3RLeGCh1j0t6FUpl
P+g0ctsX87x4krjaG2gpdeDrOEFRdm+SS3s9R4nsYund3K6SamIv7PGJDPsc4DIO
/czlRLcw4d4BL2aAXvDdTswAcVj1qjYfm+xJb+k6BDol6VAzippfwO9CAIJ3mcUY
zwoHJBG+xKgpY6bHAd2Vk0bjVR0jdkc/
-----END PUBLIC KEY-----
[srmdev@fedora bob]$ openssl -h
help:

Standard commands
asn1parse         ca                ciphers           cmp               
cms               crl               crl2pkcs7         dgst              
dhparam           dsa               dsaparam          ec                
ecparam           enc               engine            errstr            
fipsinstall       gendsa            genpkey           genrsa            
help              info              kdf               list              
mac               nseq              ocsp              passwd            
pkcs12            pkcs7             pkcs8             pkey              
pkeyparam         pkeyutl           prime             rand              
rehash            req               rsa               rsautl            
s_client          s_server          s_time            sess_id           
smime             speed             spkac             srp               
storeutl          ts                verify            version           
x509              

Message Digest commands (see the `dgst' command for more details)
blake2b512        blake2s256        md2               md4               
md5               rmd160            sha1              sha224            
sha256            sha3-224          sha3-256          sha3-384          
sha3-512          sha384            sha512            sha512-224        
sha512-256        shake128          shake256          sm3               

Cipher commands (see the `enc' command for more details)
aes-128-cbc       aes-128-ecb       aes-192-cbc       aes-192-ecb       
aes-256-cbc       aes-256-ecb       aria-128-cbc      aria-128-cfb      
aria-128-cfb1     aria-128-cfb8     aria-128-ctr      aria-128-ecb      
aria-128-ofb      aria-192-cbc      aria-192-cfb      aria-192-cfb1     
aria-192-cfb8     aria-192-ctr      aria-192-ecb      aria-192-ofb      
aria-256-cbc      aria-256-cfb      aria-256-cfb1     aria-256-cfb8     
aria-256-ctr      aria-256-ecb      aria-256-ofb      base64            
bf                bf-cbc            bf-cfb            bf-ecb            
bf-ofb            camellia-128-cbc  camellia-128-ecb  camellia-192-cbc  
camellia-192-ecb  camellia-256-cbc  camellia-256-ecb  cast              
cast-cbc          cast5-cbc         cast5-cfb         cast5-ecb         
cast5-ofb         des               des-cbc           des-cfb           
des-ecb           des-ede           des-ede-cbc       des-ede-cfb       
des-ede-ofb       des-ede3          des-ede3-cbc      des-ede3-cfb      
des-ede3-ofb      des-ofb           des3              desx              
idea              idea-cbc          idea-cfb          idea-ecb          
idea-ofb          rc2               rc2-40-cbc        rc2-64-cbc        
rc2-cbc           rc2-cfb           rc2-ecb           rc2-ofb           
rc4               rc4-40            rc5               rc5-cbc           
rc5-cfb           rc5-ecb           rc5-ofb           seed              
seed-cbc          seed-cfb          seed-ecb          seed-ofb          
zlib              

[srmdev@fedora bob]$ openssl pkeyutl -h
Usage: pkeyutl [options]

General options:
 -help                     Display this summary
 -engine val               Use engine, possibly a hardware device
 -engine_impl              Also use engine given by -engine for crypto operations
 -sign                     Sign input data with private key
 -verify                   Verify with public key
 -encrypt                  Encrypt input data with public key
 -decrypt                  Decrypt input data with private key
 -derive                   Derive shared secret
 -config infile            Load a configuration file (this may load modules)

Input options:
 -in infile                Input file - default stdin
 -rawin                    Indicate the input data is in raw form
 -pubin                    Input is a public key
 -inkey val                Input private key file
 -passin val               Input file pass phrase source
 -peerkey val              Peer key file used in key derivation
 -peerform PEM|DER|ENGINE  Peer key format (DER/PEM/P12/ENGINE)
 -certin                   Input is a cert with a public key
 -rev                      Reverse the order of the input buffer
 -sigfile infile           Signature file (verify operation only)
 -keyform PEM|DER|ENGINE   Private key format (ENGINE, other values ignored)

Output options:
 -out outfile              Output file - default stdout
 -asn1parse                asn1parse the output data
 -hexdump                  Hex dump output
 -verifyrecover            Verify with public key, recover original data

Signing/Derivation options:
 -digest val               Specify the digest algorithm when signing the raw input data
 -pkeyopt val              Public key options as opt:value
 -pkeyopt_passin val       Public key option that is read as a passphrase argument opt:passphrase
 -kdf val                  Use KDF algorithm
 -kdflen +int              KDF algorithm output length

Random state options:
 -rand val                 Load the given file(s) into the random number generator
 -writerand outfile        Write random data to the specified file

Provider options:
 -provider-path val        Provider load path (must be before 'provider' argument if required)
 -provider val             Provider to load (can be specified multiple times)
 -propquery val            Property query used when fetching algorithms
[srmdev@fedora bob]$ openssl pkeyutl -inkey private.pem -pubin alice_public.pem -derive -out shared.pem
pkeyutl: Use -help for summary.
[srmdev@fedora bob]$ openssl pkeyutl -inkey private.pem -peerkey alice_public.pem -derive -out shared.bin
[srmdev@fedora bob]$ cat shared.bin 
8{I<?L~m#%$Agf?@:[Ce?E%`e"h6}GnbGn[.YE/sW~x"J
[v>q7:C.puh^,`[srmdev@fedora bob]$ 
[srmdev@fedora bob]$ 
[srmdev@fedora bob]$ xxd shared.bin 
00000000: 9588 1368 f963 570f 9116 4f57 fa42 d724  ...h.cW...OW.B.$
00000010: 96b4 48ec 52d5 9d0f 879a e4c2 aa41 ee13  ..H.R........A..
00000020: 947f 75a0 6b8c f648 b9e4 55d3 6b04 10a2  ..u.k..H..U.k...
00000030: 1d49 20b8 a7bb 6e00 ddfa 43b1 653f b3ee  .I ...n...C.e?..
00000040: 4525 cadb ec60 d3b6 f665 d902 e496 22d2  E%...`...e....".
00000050: d5d2 eddb 68e8 8011 36de a9fa 1bb8 c3ac  ....h...6.......
00000060: 164b f5ef 99f6 7dd9 be47 836e fdfa bcbf  .K....}..G.n....
00000070: 6247 6ec7 5b2e 59de dbbe 8245 caee a42f  bGn.[.Y....E.../
00000080: eec0 7357 7e78 c522 4ace a988 bd1e 0da1  ..sW~x."J.......
00000090: 3401 4712 ddde 25a3 26c7 cdf0 8592 dd08  4.G...%.&.......
000000a0: 3709 343f 6d17 8afb 09e5 be04 0e25 24db  7.4?m........%$.
000000b0: 4167 cd8e 663f a2ea eafa 8140 3a95 b47f  Ag..f?.....@:...
000000c0: f49c 5b0d 38e4 0005 b68f bee1 7bc3 49b1  ..[.8.......{.I.
000000d0: 3c3f fac6 4c7e c897 6d81 23c3 0fdc f192  <?..L~..m.#.....
000000e0: 0a17 85f2 8f5b 763e 71d8 f1a1 373a 432e  .....[v>q...7:C.
000000f0: 029a 7007 0275 685e 162c 12fb 6097 d5cb  ..p..uh^.,..`...
[srmdev@fedora bob]$ cp public.pem ../alice/bob_public.pem
[srmdev@fedora bob]$ cd ../alice
[srmdev@fedora alice]$ ls
bob_public.pem  param.pem  private.pem  public.pem
[srmdev@fedora alice]$ openssl pkeyutl -derive -inkey private.pem -peerkey bob_public.pem -out shared.bin
[srmdev@fedora alice]$ xxd shared.bin 
00000000: 9588 1368 f963 570f 9116 4f57 fa42 d724  ...h.cW...OW.B.$
00000010: 96b4 48ec 52d5 9d0f 879a e4c2 aa41 ee13  ..H.R........A..
00000020: 947f 75a0 6b8c f648 b9e4 55d3 6b04 10a2  ..u.k..H..U.k...
00000030: 1d49 20b8 a7bb 6e00 ddfa 43b1 653f b3ee  .I ...n...C.e?..
00000040: 4525 cadb ec60 d3b6 f665 d902 e496 22d2  E%...`...e....".
00000050: d5d2 eddb 68e8 8011 36de a9fa 1bb8 c3ac  ....h...6.......
00000060: 164b f5ef 99f6 7dd9 be47 836e fdfa bcbf  .K....}..G.n....
00000070: 6247 6ec7 5b2e 59de dbbe 8245 caee a42f  bGn.[.Y....E.../
00000080: eec0 7357 7e78 c522 4ace a988 bd1e 0da1  ..sW~x."J.......
00000090: 3401 4712 ddde 25a3 26c7 cdf0 8592 dd08  4.G...%.&.......
000000a0: 3709 343f 6d17 8afb 09e5 be04 0e25 24db  7.4?m........%$.
000000b0: 4167 cd8e 663f a2ea eafa 8140 3a95 b47f  Ag..f?.....@:...
000000c0: f49c 5b0d 38e4 0005 b68f bee1 7bc3 49b1  ..[.8.......{.I.
000000d0: 3c3f fac6 4c7e c897 6d81 23c3 0fdc f192  <?..L~..m.#.....
000000e0: 0a17 85f2 8f5b 763e 71d8 f1a1 373a 432e  .....[v>q...7:C.
000000f0: 029a 7007 0275 685e 162c 12fb 6097 d5cb  ..p..uh^.,..`...
[srmdev@fedora alice]$ 

